| ToStringNamingSelected.cpp:1:6:1:13 | ToString | function should be renamed to `toString` |
| ToStringNamingSelected.cpp:2:6:2:13 | tostring | function should be renamed to `toString` |
| ToStringNamingSelected.cpp:3:6:3:13 | ToStRiNg | function should be renamed to `toString` |
